// Jest Snapshot v1, https://goo.gl/fbAQLP

exports[`Given a Cards component when it is rendered Then should match the snapshot 1`] = `
<BVLinearGradient
  colors={
    Array [
      4280427042,
      4293586162,
    ]
  }
  endPoint={
    Object {
      "x": 0,
      "y": 0,
    }
  }
  locations={null}
  startPoint={
    Object {
      "x": 0,
      "y": 1,
    }
  }
  style={
    Object {
      "height": "100%",
      "width": "100%",
    }
  }
>
  <View>
    <Text
      style={
        Object {
          "color": "#E5E5E5",
          "fontSize": 60,
          "fontWeight": "bold",
          "marginTop": 180,
          "textAlign": "center",
        }
      }
    >
      CARDS
    </Text>
  </View>
  <View
    style={
      Object {
        "alignSelf": "center",
        "height": 300,
        "marginTop": 85,
      }
    }
  >
    <TextInput
      onChangeText={[Function]}
      placeholder="email"
      style={
        Object {
          "alignSelf": "center",
          "backgroundColor": "#DCDCDC",
          "borderRadius": 5,
          "flex": 1,
          "height": 50,
          "margin": 5,
          "padding": 30,
          "width": 300,
        }
      }
      value=""
    />
    <TextInput
      onChangeText={[Function]}
      placeholder="password"
      style={
        Object {
          "alignSelf": "center",
          "backgroundColor": "#DCDCDC",
          "borderRadius": 5,
          "flex": 1,
          "height": 50,
          "margin": 5,
          "padding": 30,
          "width": 300,
        }
      }
      value=""
    />
    <View
      accessible={true}
      collapsable={false}
      focusable={true}
      nativeID="animatedComponent"
      onClick={[Function]}
      onResponderGrant={[Function]}
      onResponderMove={[Function]}
      onResponderRelease={[Function]}
      onResponderTerminate={[Function]}
      onResponderTerminationRequest={[Function]}
      onStartShouldSetResponder={[Function]}
      style={
        Object {
          "alignSelf": "center",
          "backgroundColor": "#5EBBB0",
          "borderRadius": 5,
          "flex": 1,
          "height": 70,
          "marginTop": 50,
          "opacity": 1,
          "padding": 25,
          "width": 300,
        }
      }
    >
      <Text
        style={
          Object {
            "color": "#222222",
            "fontSize": 18,
            "textAlign": "center",
          }
        }
      >
        GET STARTED
      </Text>
    </View>
  </View>
  <View
    accessible={true}
    collapsable={false}
    focusable={true}
    onBlur={[Function]}
    onClick={[Function]}
    onFocus={[Function]}
    onResponderGrant={[Function]}
    onResponderMove={[Function]}
    onResponderRelease={[Function]}
    onResponderTerminate={[Function]}
    onResponderTerminationRequest={[Function]}
    onStartShouldSetResponder={[Function]}
  >
    <Text
      style={
        Object {
          "color": "#E5E5E5",
          "fontSize": 14,
          "marginBottom": 20,
          "marginRight": 30,
          "marginTop": 60,
          "textAlign": "right",
        }
      }
    >
      NEW ACCOUNT
    </Text>
  </View>
</BVLinearGradient>
`;
